\BOOKMARK [1][-]{section.1}{\376\377\000O\000v\000e\000r\000v\000i\000e\000w\000\040\000a\000n\000d\000\040\000P\000u\000r\000p\000o\000s\000e}{}% 1
\BOOKMARK [1][-]{section.2}{\376\377\000M\000a\000t\000h\000e\000m\000a\000t\000i\000c\000a\000l\000\040\000B\000a\000c\000k\000g\000r\000o\000u\000n\000d}{}% 2
\BOOKMARK [2][-]{subsection.2.1}{\376\377\000T\000h\000e\000\040\000P\000r\000o\000b\000l\000e\000m}{section.2}% 3
\BOOKMARK [2][-]{subsection.2.2}{\376\377\000T\000r\000o\000p\000i\000c\000a\000l\000\040\000G\000e\000o\000m\000e\000t\000r\000y\000\040\000A\000p\000p\000r\000o\000a\000c\000h}{section.2}% 4
\BOOKMARK [2][-]{subsection.2.3}{\376\377\000W\000h\000y\000\040\000T\000h\000i\000s\000\040\000W\000o\000r\000k\000s}{section.2}% 5
\BOOKMARK [1][-]{section.3}{\376\377\000F\000i\000l\000e\000\040\000S\000t\000r\000u\000c\000t\000u\000r\000e}{}% 6
\BOOKMARK [1][-]{section.4}{\376\377\000A\000r\000c\000h\000i\000t\000e\000c\000t\000u\000r\000e\000:\000\040\000T\000h\000e\000\040\0005\000-\000F\000e\000a\000t\000u\000r\000e\000\040\000P\000i\000p\000e\000l\000i\000n\000e}{}% 7
\BOOKMARK [2][-]{subsection.4.1}{\376\377\000S\000t\000a\000g\000e\000\040\0001\000:\000\040\000T\000r\000o\000p\000i\000c\000a\000l\000\040\000F\000a\000n\000\040\000D\000e\000c\000o\000m\000p\000o\000s\000i\000t\000i\000o\000n\000\040\000\050\000t\000r\000o\000p\000i\000c\000a\000l\000\137\000f\000a\000n\000.\000w\000l\000\051}{section.4}% 8
\BOOKMARK [2][-]{subsection.4.2}{\376\377\000S\000t\000a\000g\000e\000\040\0002\000:\000\040\000S\000y\000m\000b\000o\000l\000i\000c\000\040\000S\000e\000c\000t\000o\000r\000\040\000P\000r\000o\000c\000e\000s\000s\000i\000n\000g}{section.4}% 9
\BOOKMARK [2][-]{subsection.4.3}{\376\377\000S\000t\000a\000g\000e\000\040\0003\000a\000:\000\040\000D\000i\000v\000e\000r\000g\000e\000n\000c\000e\000\040\000R\000e\000g\000u\000l\000a\000t\000i\000o\000n}{section.4}% 10
\BOOKMARK [2][-]{subsection.4.4}{\376\377\000S\000t\000a\000g\000e\000\040\0003\000b\000:\000\040\000A\000u\000x\000i\000l\000i\000a\000r\000y\000-\000V\000a\000r\000i\000a\000b\000l\000e\000\040\000L\000i\000f\000t\000i\000n\000g}{section.4}% 11
\BOOKMARK [2][-]{subsection.4.5}{\376\377\000S\000t\000a\000g\000e\000\040\0004\000:\000\040\000C\000+\000+\000\040\000C\000o\000d\000e\000\040\000G\000e\000n\000e\000r\000a\000t\000i\000o\000n\000\040\000a\000n\000d\000\040\000E\000x\000e\000c\000u\000t\000i\000o\000n}{section.4}% 12
\BOOKMARK [1][-]{section.5}{\376\377\000C\000o\000r\000e\000\040\000A\000l\000g\000o\000r\000i\000t\000h\000m\000s}{}% 13
\BOOKMARK [2][-]{subsection.5.1}{\376\377\000S\000e\000c\000t\000o\000r\000\040\000D\000e\000c\000o\000m\000p\000o\000s\000i\000t\000i\000o\000n\000\040\000b\000y\000\040\000M\000o\000n\000o\000m\000i\000a\000l\000\040\000M\000a\000p\000s}{section.5}% 14
\BOOKMARK [2][-]{subsection.5.2}{\376\377\000T\000r\000o\000p\000i\000c\000a\000l\000\040\000F\000a\000c\000t\000o\000r\000i\000n\000g\000\040\000\050\000e\000x\000a\000c\000t\000\051}{section.5}% 15
\BOOKMARK [2][-]{subsection.5.3}{\376\377\000E\000f\000f\000e\000c\000t\000i\000v\000e\000\040\000E\000x\000p\000o\000n\000e\000n\000t\000s\000\040\000a\000n\000d\000\040\000C\000o\000n\000v\000e\000r\000g\000e\000n\000c\000e\000\040\000G\000a\000t\000e}{section.5}% 16
\BOOKMARK [2][-]{subsection.5.4}{\376\377\000F\000l\000a\000t\000t\000e\000n\000i\000n\000g}{section.5}% 17
\BOOKMARK [2][-]{subsection.5.5}{\376\377\000D\000i\000v\000e\000r\000g\000e\000n\000c\000e\000\040\000R\000e\000g\000u\000l\000a\000t\000i\000o\000n\000:\000\040\000T\000r\000o\000p\000i\000c\000a\000l\000\040\000S\000u\000b\000t\000r\000a\000c\000t\000i\000o\000n\000\040\000\050\000M\000o\000d\000u\000l\000e\000\040\0002\000\051}{section.5}% 18
\BOOKMARK [2][-]{subsection.5.6}{\376\377\000D\000i\000v\000e\000r\000g\000e\000n\000c\000e\000\040\000R\000e\000g\000u\000l\000a\000t\000i\000o\000n\000:\000\040\000I\000B\000P\000\040\000\050\000M\000o\000d\000u\000l\000e\000\040\0002\000b\000,\000\040\000d\000e\000f\000a\000u\000l\000t\000\051}{section.5}% 19
\BOOKMARK [2][-]{subsection.5.7}{\376\377\000A\000u\000x\000i\000l\000i\000a\000r\000y\000-\000V\000a\000r\000i\000a\000b\000l\000e\000\040\000L\000i\000f\000t\000i\000n\000g\000\040\000\050\000M\000o\000d\000u\000l\000e\000\040\0001\000b\000\051}{section.5}% 20
\BOOKMARK [3][-]{subsubsection.5.7.1}{\376\377\000A\000n\000c\000h\000o\000r\000\040\000S\000e\000l\000e\000c\000t\000i\000o\000n\000\040\000\050\000k\000*\000\040\000r\000u\000l\000e\000\051}{subsection.5.7}% 21
\BOOKMARK [3][-]{subsubsection.5.7.2}{\376\377\000P\000i\000v\000o\000t\000\040\000S\000e\000l\000e\000c\000t\000i\000o\000n\000\040\000a\000n\000d\000\040\000D\000e\000l\000t\000a\000\040\000E\000l\000i\000m\000i\000n\000a\000t\000i\000o\000n}{subsection.5.7}% 22
\BOOKMARK [3][-]{subsubsection.5.7.3}{\376\377\000H\000a\000s\000C\000o\000n\000s\000t\000a\000n\000t\000T\000e\000r\000m\000\040\000=\000\040\000F\000a\000l\000s\000e\000:\000\040\000t\000h\000e\000\040\000L\0005\000\040\000C\000a\000v\000e\000a\000t}{subsection.5.7}% 23
\BOOKMARK [2][-]{subsection.5.8}{\376\377\000C\000o\000m\000p\000l\000e\000x\000\040\000E\000x\000p\000o\000n\000e\000n\000t\000s\000\040\000i\000n\000\040\000C\000o\000d\000e\000g\000e\000n}{section.5}% 24
\BOOKMARK [2][-]{subsection.5.9}{\376\377\000H\000i\000g\000h\000-\000D\000i\000m\000e\000n\000s\000i\000o\000n\000a\000l\000\040\000V\000E\000G\000A\000S\000\040\000S\000i\000z\000i\000n\000g\000\040\000\050\000r\000e\000s\000o\000l\000v\000e\000V\000e\000g\000a\000s\000S\000i\000z\000i\000n\000g\000\051}{section.5}% 25
\BOOKMARK [1][-]{section.6}{\376\377\000C\000o\000r\000e\000\040\000F\000i\000l\000e\000\040\000R\000e\000f\000e\000r\000e\000n\000c\000e}{}% 26
\BOOKMARK [2][-]{subsection.6.1}{\376\377\000t\000r\000o\000p\000i\000c\000a\000l\000\137\000f\000a\000n\000.\000w\000l}{section.6}% 27
\BOOKMARK [2][-]{subsection.6.2}{\376\377\000t\000r\000o\000p\000i\000c\000a\000l\000\137\000e\000v\000a\000l\000.\000w\000l\000\040\040\024\000\040\000M\000o\000d\000u\000l\000e\000\040\0001\000:\000\040\000P\000r\000o\000c\000e\000s\000s\000S\000e\000c\000t\000o\000r\000\040\000a\000n\000d\000\040\000F\000l\000a\000t\000t\000e\000n\000S\000e\000c\000t\000o\000r}{section.6}% 28
\BOOKMARK [2][-]{subsection.6.3}{\376\377\000t\000r\000o\000p\000i\000c\000a\000l\000\137\000e\000v\000a\000l\000.\000w\000l\000\040\040\024\000\040\000M\000o\000d\000u\000l\000e\000\040\0001\000b\000:\000\040\000L\000i\000f\000t\000i\000n\000g}{section.6}% 29
\BOOKMARK [2][-]{subsection.6.4}{\376\377\000t\000r\000o\000p\000i\000c\000a\000l\000\137\000e\000v\000a\000l\000.\000w\000l\000\040\040\024\000\040\000M\000o\000d\000u\000l\000e\000\040\0002\000:\000\040\000T\000r\000o\000p\000i\000c\000a\000l\000\040\000S\000u\000b\000t\000r\000a\000c\000t\000i\000o\000n}{section.6}% 30
\BOOKMARK [2][-]{subsection.6.5}{\376\377\000t\000r\000o\000p\000i\000c\000a\000l\000\137\000e\000v\000a\000l\000.\000w\000l\000\040\040\024\000\040\000M\000o\000d\000u\000l\000e\000\040\0002\000b\000:\000\040\000I\000B\000P\000\040\000\050\000d\000e\000f\000a\000u\000l\000t\000\040\000m\000e\000t\000h\000o\000d\000\051}{section.6}% 31
\BOOKMARK [2][-]{subsection.6.6}{\376\377\000t\000r\000o\000p\000i\000c\000a\000l\000\137\000e\000v\000a\000l\000.\000w\000l\000\040\040\024\000\040\000M\000o\000d\000u\000l\000e\000\040\0003\000:\000\040\000U\000n\000i\000f\000i\000e\000d\000\040\000C\000+\000+\000\040\000C\000o\000d\000e\000g\000e\000n}{section.6}% 32
\BOOKMARK [2][-]{subsection.6.7}{\376\377\000t\000r\000o\000p\000i\000c\000a\000l\000\137\000e\000v\000a\000l\000.\000w\000l\000\040\040\024\000\040\000M\000o\000d\000u\000l\000e\000\040\0004\000:\000\040\000U\000n\000i\000f\000i\000e\000d\000\040\000D\000r\000i\000v\000e\000r}{section.6}% 33
\BOOKMARK [2][-]{subsection.6.8}{\376\377\000t\000r\000o\000p\000i\000c\000a\000l\000\137\000e\000v\000a\000l\000.\000w\000l\000\040\040\024\000\040\000M\000o\000d\000u\000l\000e\000\040\0005\000:\000\040\000V\000a\000l\000i\000d\000a\000t\000i\000o\000n}{section.6}% 34
\BOOKMARK [1][-]{section.7}{\376\377\000D\000a\000t\000a\000\040\000S\000t\000r\000u\000c\000t\000u\000r\000e\000s}{}% 35
\BOOKMARK [2][-]{subsection.7.1}{\376\377\000I\000n\000t\000e\000g\000r\000a\000n\000d\000S\000p\000e\000c}{section.7}% 36
\BOOKMARK [2][-]{subsection.7.2}{\376\377\000S\000e\000c\000t\000o\000r\000D\000a\000t\000a\000\040\000\050\000f\000r\000o\000m\000\040\000P\000r\000o\000c\000e\000s\000s\000S\000e\000c\000t\000o\000r\000\051}{section.7}% 37
\BOOKMARK [2][-]{subsection.7.3}{\376\377\000L\000i\000f\000t\000e\000d\000\040\000S\000e\000c\000t\000o\000r\000D\000a\000t\000a\000\040\000e\000x\000t\000e\000n\000s\000i\000o\000n\000s\000\040\000\050\000f\000r\000o\000m\000\040\000P\000r\000o\000c\000e\000s\000s\000S\000e\000c\000t\000o\000r\000L\000i\000f\000t\000e\000d\000\051}{section.7}% 38
\BOOKMARK [2][-]{subsection.7.4}{\376\377\000L\000i\000f\000t\000D\000a\000t\000a\000\040\000\050\000f\000r\000o\000m\000\040\000L\000i\000f\000t\000C\000o\000e\000f\000f\000i\000c\000i\000e\000n\000t\000s\000\051}{section.7}% 39
\BOOKMARK [2][-]{subsection.7.5}{\376\377\000D\000i\000v\000e\000r\000g\000e\000n\000t\000S\000e\000c\000t\000o\000r\000D\000a\000t\000a\000\040\000\050\000f\000r\000o\000m\000\040\000P\000r\000o\000c\000e\000s\000s\000D\000i\000v\000e\000r\000g\000e\000n\000t\000S\000e\000c\000t\000o\000r\000\051}{section.7}% 40
\BOOKMARK [2][-]{subsection.7.6}{\376\377\000I\000B\000P\000S\000e\000c\000t\000o\000r\000D\000a\000t\000a\000\040\000\050\000f\000r\000o\000m\000\040\000I\000B\000P\000P\000r\000o\000c\000e\000s\000s\000S\000e\000c\000t\000o\000r\000\051}{section.7}% 41
\BOOKMARK [1][-]{section.8}{\376\377\000E\000r\000r\000o\000r\000\040\000M\000e\000s\000s\000a\000g\000e\000s\000\040\000\050\000T\000r\000o\000p\000i\000c\000a\000l\000E\000v\000a\000l\000:\000:\000*\000\051}{}% 42
\BOOKMARK [1][-]{section.9}{\376\377\000L\000i\000m\000i\000t\000a\000t\000i\000o\000n\000s\000\040\000a\000n\000d\000\040\000C\000a\000v\000e\000a\000t\000s}{}% 43
\BOOKMARK [1][-]{section.10}{\376\377\000W\000o\000r\000k\000e\000d\000\040\000E\000x\000a\000m\000p\000l\000e\000s}{}% 44
\BOOKMARK [2][-]{subsection.10.1}{\376\377\000v\0003\000\040\000C\000a\000p\000s\000t\000o\000n\000e\000:\000\040\000D\000i\000v\000e\000r\000g\000e\000n\000t\000\040\000+\000\040\000C\000o\000m\000p\000l\000e\000x\000\040\000E\000x\000p\000o\000n\000e\000n\000t\000s\000\040\000\050\000E\000x\000-\000V\0003\000a\000\051}{section.10}% 45
\BOOKMARK [2][-]{subsection.10.2}{\376\377\000v\0003\000\040\000C\000a\000p\000s\000t\000o\000n\000e\000:\000\040\000S\000m\000a\000l\000l\000\040\000C\000o\000m\000p\000l\000e\000x\000\040\000C\000o\000e\000f\000f\000i\000c\000i\000e\000n\000t\000,\000\040\000L\000i\000f\000t\000e\000d\000\040\000+\000\040\000V\000E\000G\000A\000S\000\040\000\050\000E\000x\000-\000V\0003\000b\000\051}{section.10}% 46
\BOOKMARK [2][-]{subsection.10.3}{\376\377\000v\0003\000\040\000C\000a\000p\000s\000t\000o\000n\000e\000:\000\040\000K\000i\000n\000e\000m\000a\000t\000i\000c\000\040\000S\000c\000a\000n\000,\000\040\000B\000a\000t\000c\000h\000e\000d\000\040\000V\000E\000G\000A\000S\000\040\000\050\000E\000x\000-\000V\0003\000c\000\051}{section.10}% 47
\BOOKMARK [2][-]{subsection.10.4}{\376\377\000M\000i\000n\000i\000m\000a\000l\000\040\000C\000o\000n\000v\000e\000r\000g\000e\000n\000t\000\040\000I\000n\000t\000e\000g\000r\000a\000l}{section.10}% 48
\BOOKMARK [2][-]{subsection.10.5}{\376\377\000D\000i\000v\000e\000r\000g\000e\000n\000t\000\040\000I\000n\000t\000e\000g\000r\000a\000l\000\040\000w\000i\000t\000h\000\040\000R\000e\000g\000u\000l\000a\000t\000o\000r}{section.10}% 49
\BOOKMARK [2][-]{subsection.10.6}{\376\377\000L\000i\000f\000t\000i\000n\000g\000\040\000a\000\040\000S\000m\000a\000l\000l\000\040\000C\000o\000e\000f\000f\000i\000c\000i\000e\000n\000t}{section.10}% 50
\BOOKMARK [1][-]{section.11}{\376\377\000V\000a\000l\000i\000d\000a\000t\000i\000o\000n\000\040\000a\000n\000d\000\040\000T\000e\000s\000t\000i\000n\000g}{}% 51
\BOOKMARK [2][-]{subsection.11.1}{\376\377\000V\0003\000\040\000C\000r\000o\000s\000s\000-\000C\000h\000e\000c\000k\000\040\000S\000u\000i\000t\000e\000\040\000\050\000T\000E\000S\000T\000/\000,\000\040\0004\0003\000\040\000n\000a\000m\000e\000d\000\040\000c\000h\000e\000c\000k\000s\000\051}{section.11}% 52
\BOOKMARK [2][-]{subsection.11.2}{\376\377\000E\000x\000a\000m\000p\000l\000e\000s\000\040\0001\040\023\0002\0003\000\040\000\050\000f\000r\000o\000m\000\040\000T\000r\000e\000e\000\040\000A\000\040\000a\000n\000d\000\040\000T\000r\000e\000e\000\040\000B\000\051}{section.11}% 53
\BOOKMARK [2][-]{subsection.11.3}{\376\377\000F\000I\000E\000S\000T\000A\000\040\000C\000r\000o\000s\000s\000-\000C\000h\000e\000c\000k\000s\000\040\000\050\000C\000C\000/\000\051}{section.11}% 54
\BOOKMARK [1][-]{section.12}{\376\377\000W\000h\000y\000\040\000t\000h\000e\000\040\000P\000i\000p\000e\000l\000i\000n\000e\000\040\000W\000o\000r\000k\000s}{}% 55
\BOOKMARK [1][-]{section.13}{\376\377\000D\000e\000p\000e\000n\000d\000e\000n\000c\000i\000e\000s}{}% 56
\BOOKMARK [1][-]{section.14}{\376\377\000C\000o\000m\000m\000a\000n\000d\000-\000L\000i\000n\000e\000\040\000E\000x\000e\000c\000u\000t\000i\000o\000n}{}% 57
